2025-10-28 15:33:20,236 p=24420 u=kri n=ansible | {
    "_meta": {
        "hostvars": {
            "ansible": {
                "ansible_host": "192.168.122.138"
            }
        }
    },
    "all": {
        "children": [
            "ungrouped",
            "test"
        ]
    },
    "test": {
        "hosts": [
            "ansible"
        ]
    }
}
2025-10-28 15:34:51,732 p=25073 u=kri n=ansible | PLAY [Ansible Ad-Hoc] **********************************************************
2025-10-28 15:34:51,764 p=25073 u=kri n=ansible | TASK [ping] ********************************************************************
2025-10-28 15:34:52,524 p=25073 u=kri n=ansible | ok: [ansible]
2025-10-28 15:34:52,526 p=25073 u=kri n=ansible | PLAY RECAP *********************************************************************
2025-10-28 15:34:52,526 p=25073 u=kri n=ansible | ansible                    : ok=1    changed=0    unreachable=0    failed=0    skipped=0    rescued=0    ignored=0   
2025-10-28 15:36:31,451 p=25902 u=kri n=ansible | PLAY [Ansible Ad-Hoc] **********************************************************
2025-10-28 15:36:31,482 p=25902 u=kri n=ansible | TASK [ping] ********************************************************************
2025-10-28 15:36:32,263 p=25902 u=kri n=ansible | ok: [ansible]
2025-10-28 15:36:32,265 p=25902 u=kri n=ansible | PLAY RECAP *********************************************************************
2025-10-28 15:36:32,266 p=25902 u=kri n=ansible | ansible                    : ok=1    changed=0    unreachable=0    failed=0    skipped=0    rescued=0    ignored=0   
2025-10-28 17:17:44,880 p=69549 u=kri n=ansible | [WARNING]: Could not match supplied host pattern, ignoring: asnible

2025-10-28 17:17:44,880 p=69549 u=kri n=ansible | [WARNING]: No hosts matched, nothing to do

2025-10-28 17:17:44,940 p=69549 u=kri n=ansible | PLAY [Ansible Ad-Hoc] ***************************************************************************
2025-10-28 17:17:44,968 p=69549 u=kri n=ansible | PLAY RECAP **************************************************************************************
2025-10-28 17:19:04,519 p=70290 u=kri n=ansible | PLAY [Ansible Ad-Hoc] ***************************************************************************
2025-10-28 17:19:04,550 p=70290 u=kri n=ansible | TASK [ping] *************************************************************************************
2025-10-28 17:19:05,379 p=70290 u=kri n=ansible | ok: [ansible]
2025-10-28 17:19:05,382 p=70290 u=kri n=ansible | PLAY RECAP **************************************************************************************
2025-10-28 17:19:05,382 p=70290 u=kri n=ansible | ansible                    : ok=1    changed=0    unreachable=0    failed=0    skipped=0    rescued=0    ignored=0   
2025-10-28 17:19:15,840 p=70431 u=kri n=ansible | PLAY [Ansible Ad-Hoc] ***************************************************************************
2025-10-28 17:19:15,871 p=70431 u=kri n=ansible | TASK [ping] *************************************************************************************
2025-10-28 17:19:16,163 p=70431 u=kri n=ansible | ok: [ansible]
2025-10-28 17:19:16,165 p=70431 u=kri n=ansible | PLAY RECAP **************************************************************************************
2025-10-28 17:19:16,166 p=70431 u=kri n=ansible | ansible                    : ok=1    changed=0    unreachable=0    failed=0    skipped=0    rescued=0    ignored=0   
2025-10-28 17:20:01,926 p=70869 u=kri n=ansible | PLAY [Ansible Ad-Hoc] ***************************************************************************
2025-10-28 17:20:01,956 p=70869 u=kri n=ansible | TASK [ping] *************************************************************************************
2025-10-28 17:20:02,250 p=70869 u=kri n=ansible | ok: [ansible]
2025-10-28 17:20:02,252 p=70869 u=kri n=ansible | PLAY RECAP **************************************************************************************
2025-10-28 17:20:02,253 p=70869 u=kri n=ansible | ansible                    : ok=1    changed=0    unreachable=0    failed=0    skipped=0    rescued=0    ignored=0   
2025-10-28 17:21:13,011 p=71598 u=kri n=ansible | PLAY [Ansible Ad-Hoc] ***************************************************************************
2025-10-28 17:21:13,039 p=71598 u=kri n=ansible | TASK [ping] *************************************************************************************
2025-10-28 17:21:13,799 p=71598 u=kri n=ansible | ok: [ansible]
2025-10-28 17:21:13,802 p=71598 u=kri n=ansible | PLAY RECAP **************************************************************************************
2025-10-28 17:21:13,802 p=71598 u=kri n=ansible | ansible                    : ok=1    changed=0    unreachable=0    failed=0    skipped=0    rescued=0    ignored=0   
